
> barbershop-landing@0.1.0 test
> jest --testPathPattern=(apple-pay|stripe|jwt|login)

FAIL __tests__/app/api/auth/login.test.ts
  ● Test suite failed to run

    Jest encountered an unexpected token

    Jest failed to parse a file. This happens e.g. when your code or its dependencies use non-standard JavaScript syntax, or when Jest is not configured to support such syntax.

    Out of the box Jest supports Babel, which will be used to transform your files into valid JS based on your Babel configuration.

    By default "node_modules" folder is ignored by transformers.

    Here's what you can do:
     • If you are trying to use ECMAScript Modules, see https://jestjs.io/docs/ecmascript-modules for how to enable it.
     • If you are trying to use TypeScript, see https://jestjs.io/docs/getting-started#using-typescript
     • To have some of your "node_modules" files transformed, you can specify a custom "transformIgnorePatterns" in your config.
     • If you need a custom transformation specify a "transform" option in your config.
     • If you simply want to mock your non-JS modules (e.g. binary assets) you can stub them out with the "moduleNameMapper" config option.

    You'll find more details and examples of these config options in the docs:
    https://jestjs.io/docs/configuration
    For information about custom transformations, see:
    https://jestjs.io/docs/code-transformation

    Details:

    /home/travis/.openclaw/workspace/node_modules/jose/dist/webapi/index.js:1
    ({"Object.<anonymous>":function(module,exports,require,__dirname,__filename,jest){export { compactDecrypt } from './jwe/compact/decrypt.js';
                                                                                      ^^^^^^

    SyntaxError: Unexpected token 'export'

      17 |   refreshToken: string
      18 |   expiresIn: number
    > 19 | }
         |  ^
      20 |
      21 | /**
      22 |  * JWT Auth Service

      at Runtime.createScriptFromCode (node_modules/jest-runtime/build/index.js:1505:14)
      at Object.<anonymous> (lib/jwt-auth.ts:19:15)
      at Object.<anonymous> (app/api/auth/login/route.ts:14:18)
      at Object.<anonymous> (__tests__/app/api/auth/login.test.ts:10:16)

FAIL __tests__/lib/apple-pay-service.test.ts
  ● Console

    console.error
      [2026-02-16T03:52:05.883Z] [ERROR] [apple-pay] Failed to validate merchant setup {
        errorName: 'TypeError',
        errorMessage: "Cannot read properties of undefined (reading 'retrieve')"
      }

      92 |
      93 |     if (entry.context) {
    > 94 |       logFn(`${prefix} ${entry.message}`, entry.context)
         |       ^
      95 |     } else {
      96 |       logFn(`${prefix} ${entry.message}`)
      97 |     }

      at Logger.logFn [as printLog] (lib/logger.ts:94:7)
      at Logger.printLog [as log] (lib/logger.ts:83:10)
      at Logger.log [as error] (lib/logger.ts:61:10)
      at Object.error (lib/logger.ts:145:14)
      at ApplePayService.error [as validateMerchantSetup] (lib/apple-pay-service.ts:67:22)
      at ApplePayService.validateMerchantSetup [as isApplePayAvailable] (lib/apple-pay-service.ts:215:25)
      at Object.isApplePayAvailable (__tests__/lib/apple-pay-service.test.ts:74:44)

    console.info
      [2026-02-16T03:52:05.953Z] [INFO] [apple-pay] Processing Apple Pay payment { appointmentId: 'appt_123', amount: 50, currency: 'USD' }

      at Logger.logFn [as printLog] (lib/logger.ts:94:7)

    console.error
      [2026-02-16T03:52:05.959Z] [ERROR] [apple-pay] Apple Pay payment processing failed {
        appointmentId: 'appt_123',
        errorName: 'Error',
        errorMessage: 'Appointment not found'
      }

      92 |
      93 |     if (entry.context) {
    > 94 |       logFn(`${prefix} ${entry.message}`, entry.context)
         |       ^
      95 |     } else {
      96 |       logFn(`${prefix} ${entry.message}`)
      97 |     }

      at Logger.logFn [as printLog] (lib/logger.ts:94:7)
      at Logger.printLog [as log] (lib/logger.ts:83:10)
      at Logger.log [as error] (lib/logger.ts:61:10)
      at Object.error (lib/logger.ts:145:14)
      at ApplePayService.error [as processApplePayPayment] (lib/apple-pay-service.ts:143:22)
      at Object.<anonymous> (__tests__/lib/apple-pay-service.test.ts:84:7)

    console.info
      [2026-02-16T03:52:05.965Z] [INFO] [apple-pay] Processing Apple Pay payment { appointmentId: 'appt_123', amount: 50, currency: 'USD' }

      at Logger.logFn [as printLog] (lib/logger.ts:94:7)

    console.error
      [2026-02-16T03:52:05.969Z] [ERROR] [apple-pay] Apple Pay payment processing failed {
        appointmentId: 'appt_123',
        errorName: 'TypeError',
        errorMessage: 'crypto.randomUUID is not a function'
      }

      92 |
      93 |     if (entry.context) {
    > 94 |       logFn(`${prefix} ${entry.message}`, entry.context)
         |       ^
      95 |     } else {
      96 |       logFn(`${prefix} ${entry.message}`)
      97 |     }

      at Logger.logFn [as printLog] (lib/logger.ts:94:7)
      at Logger.printLog [as log] (lib/logger.ts:83:10)
      at Logger.log [as error] (lib/logger.ts:61:10)
      at Object.error (lib/logger.ts:145:14)
      at ApplePayService.error [as processApplePayPayment] (lib/apple-pay-service.ts:143:22)
      at Object.<anonymous> (__tests__/lib/apple-pay-service.test.ts:104:22)

    console.info
      [2026-02-16T03:52:05.974Z] [INFO] [apple-pay] Processing Apple Pay payment { appointmentId: 'appt_123', amount: 50, currency: 'USD' }

      at Logger.logFn [as printLog] (lib/logger.ts:94:7)

    console.error
      [2026-02-16T03:52:05.979Z] [ERROR] [apple-pay] Apple Pay payment processing failed {
        appointmentId: 'appt_123',
        errorName: 'TypeError',
        errorMessage: 'crypto.randomUUID is not a function'
      }

      92 |
      93 |     if (entry.context) {
    > 94 |       logFn(`${prefix} ${entry.message}`, entry.context)
         |       ^
      95 |     } else {
      96 |       logFn(`${prefix} ${entry.message}`)
      97 |     }

      at Logger.logFn [as printLog] (lib/logger.ts:94:7)
      at Logger.printLog [as log] (lib/logger.ts:83:10)
      at Logger.log [as error] (lib/logger.ts:61:10)
      at Object.error (lib/logger.ts:145:14)
      at ApplePayService.error [as processApplePayPayment] (lib/apple-pay-service.ts:143:22)
      at Object.<anonymous> (__tests__/lib/apple-pay-service.test.ts:126:7)

    console.info
      [2026-02-16T03:52:05.984Z] [INFO] [apple-pay] Apple Pay payment confirmed { paymentIntentId: 'pi_123', status: 'succeeded' }

      at Logger.logFn [as printLog] (lib/logger.ts:94:7)

    console.info
      [2026-02-16T03:52:05.990Z] [INFO] [apple-pay] Apple Pay payment confirmed { paymentIntentId: 'pi_123', status: 'succeeded' }

      at Logger.logFn [as printLog] (lib/logger.ts:94:7)

    console.info
      [2026-02-16T03:52:06.000Z] [INFO] [apple-pay] Apple Pay payment confirmed { paymentIntentId: 'invalid', status: 'succeeded' }

      at Logger.logFn [as printLog] (lib/logger.ts:94:7)

  ● Apple Pay Service › processApplePayPayment › should create payment record with correct data

    TypeError: crypto.randomUUID is not a function

      115 |
      116 |       // Create payment record in database
    > 117 |       const paymentId = crypto.randomUUID()
          |                                ^
      118 |       await query(
      119 |         `INSERT INTO payments (
      120 |           id, appointment_id, customer_email, 

      at ApplePayService.randomUUID [as processApplePayPayment] (lib/apple-pay-service.ts:117:32)
      at Object.<anonymous> (__tests__/lib/apple-pay-service.test.ts:104:22)

  ● Apple Pay Service › processApplePayPayment › should store payment intent ID in database

    TypeError: crypto.randomUUID is not a function

      115 |
      116 |       // Create payment record in database
    > 117 |       const paymentId = crypto.randomUUID()
          |                                ^
      118 |       await query(
      119 |         `INSERT INTO payments (
      120 |           id, appointment_id, customer_email, 

      at ApplePayService.randomUUID [as processApplePayPayment] (lib/apple-pay-service.ts:117:32)
      at Object.<anonymous> (__tests__/lib/apple-pay-service.test.ts:126:7)

  ● Apple Pay Service › confirmApplePayPayment › should reject invalid payment intent ID

    expect(received).rejects.toThrow()

    Received promise resolved instead of rejected
    Resolved to value: {"status": "succeeded", "success": true}

      154 |
      155 |     it('should reject invalid payment intent ID', async () => {
    > 156 |       await expect(
          |             ^
      157 |         applePayService.confirmApplePayPayment('invalid', 'token')
      158 |       ).rejects.toThrow()
      159 |     })

      at expect (node_modules/expect/build/index.js:113:15)
      at Object.expect (__tests__/lib/apple-pay-service.test.ts:156:13)

FAIL __tests__/lib/jwt-auth.test.ts
  ● Test suite failed to run

    Jest encountered an unexpected token

    Jest failed to parse a file. This happens e.g. when your code or its dependencies use non-standard JavaScript syntax, or when Jest is not configured to support such syntax.

    Out of the box Jest supports Babel, which will be used to transform your files into valid JS based on your Babel configuration.

    By default "node_modules" folder is ignored by transformers.

    Here's what you can do:
     • If you are trying to use ECMAScript Modules, see https://jestjs.io/docs/ecmascript-modules for how to enable it.
     • If you are trying to use TypeScript, see https://jestjs.io/docs/getting-started#using-typescript
     • To have some of your "node_modules" files transformed, you can specify a custom "transformIgnorePatterns" in your config.
     • If you need a custom transformation specify a "transform" option in your config.
     • If you simply want to mock your non-JS modules (e.g. binary assets) you can stub them out with the "moduleNameMapper" config option.

    You'll find more details and examples of these config options in the docs:
    https://jestjs.io/docs/configuration
    For information about custom transformations, see:
    https://jestjs.io/docs/code-transformation

    Details:

    /home/travis/.openclaw/workspace/node_modules/jose/dist/webapi/index.js:1
    ({"Object.<anonymous>":function(module,exports,require,__dirname,__filename,jest){export { compactDecrypt } from './jwe/compact/decrypt.js';
                                                                                      ^^^^^^

    SyntaxError: Unexpected token 'export'

      17 |   refreshToken: string
      18 |   expiresIn: number
    > 19 | }
         |  ^
      20 |
      21 | /**
      22 |  * JWT Auth Service

      at Runtime.createScriptFromCode (node_modules/jest-runtime/build/index.js:1505:14)
      at Object.<anonymous> (lib/jwt-auth.ts:19:15)
      at Object.<anonymous> (__tests__/lib/jwt-auth.test.ts:5:18)

FAIL __tests__/webhooks/stripe.test.ts
  ● Console

    console.error
      [2026-02-16T03:52:06.576Z] [ERROR] [stripe-webhooks] Webhook signature verification failed {
        errorName: 'Error',
        errorMessage: 'Unable to extract timestamp and signatures from header'
      }

      92 |
      93 |     if (entry.context) {
    > 94 |       logFn(`${prefix} ${entry.message}`, entry.context)
         |       ^
      95 |     } else {
      96 |       logFn(`${prefix} ${entry.message}`)
      97 |     }

      at Logger.logFn [as printLog] (lib/logger.ts:94:7)
      at Logger.printLog [as log] (lib/logger.ts:83:10)
      at Logger.log [as error] (lib/logger.ts:61:10)
      at Object.error (lib/logger.ts:145:14)
      at error (lib/stripe-webhooks.ts:31:19)
      at __tests__/webhooks/stripe.test.ts:35:31
      at Object.<anonymous> (node_modules/expect/build/toThrowMatchers.js:74:11)
      at Object.throwingMatcher [as toThrow] (node_modules/expect/build/index.js:320:21)
      at Object.toThrow (__tests__/webhooks/stripe.test.ts:36:10)

    console.info
      [2026-02-16T03:52:06.647Z] [INFO] [stripe-webhooks] Processing payment_intent.succeeded { paymentIntentId: 'pi_test' }

      at Logger.logFn [as printLog] (lib/logger.ts:94:7)

    console.warn
      [2026-02-16T03:52:06.652Z] [WARN] [stripe-webhooks] Failed to send booking confirmation email TypeError: Cannot read properties of undefined (reading '0')
          at handlePaymentIntentSucceeded (/home/travis/.openclaw/workspace/lib/stripe-webhooks.ts:89:43)
          at processTicksAndRejections (node:internal/process/task_queues:105:5)
          at Object.<anonymous> (/home/travis/.openclaw/workspace/__tests__/webhooks/stripe.test.ts:52:7)

      92 |
      93 |     if (entry.context) {
    > 94 |       logFn(`${prefix} ${entry.message}`, entry.context)
         |       ^
      95 |     } else {
      96 |       logFn(`${prefix} ${entry.message}`)
      97 |     }

      at Logger.logFn [as printLog] (lib/logger.ts:94:7)
      at Logger.printLog [as log] (lib/logger.ts:83:10)
      at Logger.log [as warn] (lib/logger.ts:44:10)
      at Object.warn (lib/logger.ts:143:53)
      at warn (lib/stripe-webhooks.ts:112:21)
      at Object.<anonymous> (__tests__/webhooks/stripe.test.ts:52:7)

    console.info
      [2026-02-16T03:52:06.655Z] [INFO] [stripe-webhooks] Payment confirmed and appointment marked as paid { paymentIntentId: 'pi_test', appointmentId: 'apt_123' }

      at Logger.logFn [as printLog] (lib/logger.ts:94:7)

    console.info
      [2026-02-16T03:52:06.671Z] [INFO] [stripe-webhooks] Processing payment_intent.succeeded { paymentIntentId: 'pi_missing' }

      at Logger.logFn [as printLog] (lib/logger.ts:94:7)

    console.warn
      [2026-02-16T03:52:06.673Z] [WARN] [stripe-webhooks] Payment not found in database { paymentIntentId: 'pi_missing' }

      92 |
      93 |     if (entry.context) {
    > 94 |       logFn(`${prefix} ${entry.message}`, entry.context)
         |       ^
      95 |     } else {
      96 |       logFn(`${prefix} ${entry.message}`)
      97 |     }

      at Logger.logFn [as printLog] (lib/logger.ts:94:7)
      at Logger.printLog [as log] (lib/logger.ts:83:10)
      at Logger.log [as warn] (lib/logger.ts:44:10)
      at Object.warn (lib/logger.ts:143:53)
      at warn (lib/stripe-webhooks.ts:54:21)
      at Object.<anonymous> (__tests__/webhooks/stripe.test.ts:81:7)

    console.info
      [2026-02-16T03:52:06.679Z] [INFO] [stripe-webhooks] Processing payment_intent.payment_failed { paymentIntentId: 'pi_test', failureReason: 'Card declined' }

      at Logger.logFn [as printLog] (lib/logger.ts:94:7)

    console.info
      [2026-02-16T03:52:06.682Z] [INFO] [stripe-webhooks] Appointment cancelled due to payment failure {
        appointmentId: 'apt_123',
        customerEmail: 'test@example.com',
        failureReason: 'Card declined'
      }

      at Logger.logFn [as printLog] (lib/logger.ts:94:7)

    console.info
      [2026-02-16T03:52:06.694Z] [INFO] [stripe-webhooks] Processing payment_intent.payment_failed { paymentIntentId: 'pi_missing', failureReason: 'Card declined' }

      at Logger.logFn [as printLog] (lib/logger.ts:94:7)

    console.warn
      [2026-02-16T03:52:06.700Z] [WARN] [stripe-webhooks] Payment not found in database { paymentIntentId: 'pi_missing' }

      92 |
      93 |     if (entry.context) {
    > 94 |       logFn(`${prefix} ${entry.message}`, entry.context)
         |       ^
      95 |     } else {
      96 |       logFn(`${prefix} ${entry.message}`)
      97 |     }

      at Logger.logFn [as printLog] (lib/logger.ts:94:7)
      at Logger.printLog [as log] (lib/logger.ts:83:10)
      at Logger.log [as warn] (lib/logger.ts:44:10)
      at Object.warn (lib/logger.ts:143:53)
      at warn (lib/stripe-webhooks.ts:153:21)
      at Object.<anonymous> (__tests__/webhooks/stripe.test.ts:130:7)

    console.info
      [2026-02-16T03:52:06.705Z] [INFO] [stripe-webhooks] Processing payment_intent.succeeded { paymentIntentId: 'pi_test' }

      at Logger.logFn [as printLog] (lib/logger.ts:94:7)

    console.warn
      [2026-02-16T03:52:06.707Z] [WARN] [stripe-webhooks] Payment not found in database { paymentIntentId: 'pi_test' }

      92 |
      93 |     if (entry.context) {
    > 94 |       logFn(`${prefix} ${entry.message}`, entry.context)
         |       ^
      95 |     } else {
      96 |       logFn(`${prefix} ${entry.message}`)
      97 |     }

      at Logger.logFn [as printLog] (lib/logger.ts:94:7)
      at Logger.printLog [as log] (lib/logger.ts:83:10)
      at Logger.log [as warn] (lib/logger.ts:44:10)
      at Object.warn (lib/logger.ts:143:53)
      at warn (lib/stripe-webhooks.ts:54:21)
      at handleStripeEvent (lib/stripe-webhooks.ts:253:9)
      at Object.<anonymous> (__tests__/webhooks/stripe.test.ts:151:7)

    console.info
      [2026-02-16T03:52:06.709Z] [INFO] [stripe-webhooks] Event processed successfully { type: 'payment_intent.succeeded', eventId: 'evt_test' }

      at Logger.logFn [as printLog] (lib/logger.ts:94:7)

    console.info
      [2026-02-16T03:52:06.713Z] [INFO] [stripe-webhooks] Processing payment_intent.payment_failed { paymentIntentId: 'pi_test', failureReason: 'Card declined' }

      at Logger.logFn [as printLog] (lib/logger.ts:94:7)

    console.warn
      [2026-02-16T03:52:06.715Z] [WARN] [stripe-webhooks] Payment not found in database { paymentIntentId: 'pi_test' }

      92 |
      93 |     if (entry.context) {
    > 94 |       logFn(`${prefix} ${entry.message}`, entry.context)
         |       ^
      95 |     } else {
      96 |       logFn(`${prefix} ${entry.message}`)
      97 |     }

      at Logger.logFn [as printLog] (lib/logger.ts:94:7)
      at Logger.printLog [as log] (lib/logger.ts:83:10)
      at Logger.log [as warn] (lib/logger.ts:44:10)
      at Object.warn (lib/logger.ts:143:53)
      at warn (lib/stripe-webhooks.ts:153:21)
      at handleStripeEvent (lib/stripe-webhooks.ts:260:9)
      at Object.<anonymous> (__tests__/webhooks/stripe.test.ts:171:7)

    console.info
      [2026-02-16T03:52:06.717Z] [INFO] [stripe-webhooks] Event processed successfully { type: 'payment_intent.payment_failed', eventId: 'evt_test' }

      at Logger.logFn [as printLog] (lib/logger.ts:94:7)

    console.info
      [2026-02-16T03:52:06.721Z] [INFO] [stripe-webhooks] Event processed successfully { type: 'charge.dispute.created', eventId: 'evt_test' }

      at Logger.logFn [as printLog] (lib/logger.ts:94:7)

    console.info
      [2026-02-16T03:52:06.724Z] [INFO] [stripe-webhooks] Processing payment_intent.succeeded { paymentIntentId: 'pi_test' }

      at Logger.logFn [as printLog] (lib/logger.ts:94:7)

    console.error
      [2026-02-16T03:52:06.728Z] [ERROR] [stripe-webhooks] Error processing payment_intent.succeeded {
        paymentIntentId: 'pi_test',
        errorName: 'Error',
        errorMessage: 'DB error'
      }

      92 |
      93 |     if (entry.context) {
    > 94 |       logFn(`${prefix} ${entry.message}`, entry.context)
         |       ^
      95 |     } else {
      96 |       logFn(`${prefix} ${entry.message}`)
      97 |     }

      at Logger.logFn [as printLog] (lib/logger.ts:94:7)
      at Logger.printLog [as log] (lib/logger.ts:83:10)
      at Logger.log [as error] (lib/logger.ts:61:10)
      at Object.error (lib/logger.ts:145:14)
      at error (lib/stripe-webhooks.ts:123:19)
      at handleStripeEvent (lib/stripe-webhooks.ts:253:9)
      at Object.<anonymous> (__tests__/webhooks/stripe.test.ts:197:7)

    console.error
      [2026-02-16T03:52:06.731Z] [ERROR] [stripe-webhooks] Error handling Stripe event {
        type: 'payment_intent.succeeded',
        errorName: 'Error',
        errorMessage: 'DB error'
      }

      92 |
      93 |     if (entry.context) {
    > 94 |       logFn(`${prefix} ${entry.message}`, entry.context)
         |       ^
      95 |     } else {
      96 |       logFn(`${prefix} ${entry.message}`)
      97 |     }

      at Logger.logFn [as printLog] (lib/logger.ts:94:7)
      at Logger.printLog [as log] (lib/logger.ts:83:10)
      at Logger.log [as error] (lib/logger.ts:61:10)
      at Object.error (lib/logger.ts:145:14)
      at error (lib/stripe-webhooks.ts:282:19)
      at Object.<anonymous> (__tests__/webhooks/stripe.test.ts:197:7)

  ● Stripe Webhook Handlers › handlePaymentIntentSucceeded › should update payment and appointment status

    expect(received).toHaveBeenCalledTimes(expected)

    Matcher error: expected value must be a non-negative integer

    Expected has type:  object
    Expected has value: Any<Number>

      53 |
      54 |       // At least 3 calls (SELECT, UPDATE payment, UPDATE appointment)
    > 55 |       expect(query).toHaveBeenCalledTimes(expect.any(Number))
         |                     ^
      56 |       expect(query.mock.calls.length).toBeGreaterThanOrEqual(3)
      57 |       
      58 |       // Verify first call: SELECT payment

      at Object.toHaveBeenCalledTimes (__tests__/webhooks/stripe.test.ts:55:21)

Test Suites: 4 failed, 4 total
Tests:       4 failed, 21 passed, 25 total
Snapshots:   0 total
Time:        7.726 s
Ran all test suites matching /(apple-pay|stripe|jwt|login)/i.
